Solution steps: ['W', 'S', 'S', 'W']
Solution cost: 43
Number of states considered: 7

Frontier:
Pos=(4, 3) Moves=['E'] Cost=50
Pos=(3, 2) Moves=['W', 'S', 'E'] Cost=37
Pos=(3, 5) Moves=['N', 'N'] Cost=34
Pos=(2, 0) Moves=['W', 'S', 'S', 'S'] Cost=43

Closed List:
Pos=(3, 3) Moves=[] Cost=0
Pos=(2, 3) Moves=['W'] Cost=1
Pos=(3, 4) Moves=['N'] Cost=8
Pos=(2, 2) Moves=['W', 'S'] Cost=27
Pos=(2, 1) Moves=['W', 'S', 'S'] Cost=30
Pos=(1, 2) Moves=['W', 'S', 'W'] Cost=42
Pos=(1, 1) Moves=['W', 'S', 'S', 'W'] Cost=43
