Solution steps: ['N', 'E', 'E', 'E', 'E', 'E', 'N', 'N', 'N', 'N', 'E', 'N', 'N', 'N']
Solution cost: 14
Number of states considered: 20

Frontier:
Pos=(5, 7) Moves=['N', 'E', 'E', 'E', 'E', 'E', 'N', 'N', 'N', 'N', 'E', 'N', 'N', 'W'] Cost=15
Pos=(4, 5) Moves=['N', 'E', 'E', 'E', 'E', 'E', 'N', 'N', 'N', 'N', 'W'] Cost=12
Pos=(4, 4) Moves=['N', 'E', 'E', 'E', 'E', 'E', 'N', 'N', 'N', 'W'] Cost=11
Pos=(4, 3) Moves=['N', 'E', 'E', 'E', 'E', 'E', 'N', 'N', 'W'] Cost=10
Pos=(5, 0) Moves=['N', 'E', 'E', 'E', 'E', 'E', 'S'] Cost=8
Pos=(4, 0) Moves=['N', 'E', 'E', 'E', 'E', 'S'] Cost=7
Pos=(3, 0) Moves=['N', 'E', 'E', 'E', 'S'] Cost=6
Pos=(2, 0) Moves=['N', 'E', 'E', 'S'] Cost=5
Pos=(5, 6) Moves=['N', 'E', 'E', 'E', 'E', 'E', 'N', 'N', 'N', 'N', 'N'] Cost=12
Pos=(6, 4) Moves=['N', 'E', 'E', 'E', 'E', 'E', 'N', 'N', 'N', 'E'] Cost=11
Pos=(6, 3) Moves=['N', 'E', 'E', 'E', 'E', 'E', 'N', 'N', 'E'] Cost=10
Pos=(6, 2) Moves=['N', 'E', 'E', 'E', 'E', 'E', 'N', 'E'] Cost=9
Pos=(6, 1) Moves=['N', 'E', 'E', 'E', 'E', 'E', 'E'] Cost=8
Pos=(4, 2) Moves=['N', 'E', 'E', 'E', 'E', 'N'] Cost=7
Pos=(3, 3) Moves=['N', 'N', 'N', 'E', 'E', 'E'] Cost=7
Pos=(2, 4) Moves=['N', 'N', 'N', 'E', 'E', 'N'] Cost=7
Pos=(3, 2) Moves=['N', 'E', 'E', 'N', 'E'] Cost=6
Pos=(1, 4) Moves=['N', 'N', 'N', 'E', 'N'] Cost=6
Pos=(0, 4) Moves=['N', 'N', 'N', 'N'] Cost=5
Pos=(1, 2) Moves=['N', 'N', 'E'] Cost=4
Pos=(1, 0) Moves=['E'] Cost=2

Closed List:
Pos=(0, 0) Moves=[] Cost=0
Pos=(0, 1) Moves=['N'] Cost=1
Pos=(0, 2) Moves=['N', 'N'] Cost=2
Pos=(1, 1) Moves=['N', 'E'] Cost=2
Pos=(0, 3) Moves=['N', 'N', 'N'] Cost=3
Pos=(2, 1) Moves=['N', 'E', 'E'] Cost=3
Pos=(1, 3) Moves=['N', 'N', 'N', 'E'] Cost=4
Pos=(2, 2) Moves=['N', 'E', 'E', 'N'] Cost=4
Pos=(3, 1) Moves=['N', 'E', 'E', 'E'] Cost=4
Pos=(2, 3) Moves=['N', 'N', 'N', 'E', 'E'] Cost=5
Pos=(4, 1) Moves=['N', 'E', 'E', 'E', 'E'] Cost=5
Pos=(5, 1) Moves=['N', 'E', 'E', 'E', 'E', 'E'] Cost=6
Pos=(5, 2) Moves=['N', 'E', 'E', 'E', 'E', 'E', 'N'] Cost=7
Pos=(5, 3) Moves=['N', 'E', 'E', 'E', 'E', 'E', 'N', 'N'] Cost=8
Pos=(5, 4) Moves=['N', 'E', 'E', 'E', 'E', 'E', 'N', 'N', 'N'] Cost=9
Pos=(5, 5) Moves=['N', 'E', 'E', 'E', 'E', 'E', 'N', 'N', 'N', 'N'] Cost=10
Pos=(6, 5) Moves=['N', 'E', 'E', 'E', 'E', 'E', 'N', 'N', 'N', 'N', 'E'] Cost=11
Pos=(6, 6) Moves=['N', 'E', 'E', 'E', 'E', 'E', 'N', 'N', 'N', 'N', 'E', 'N'] Cost=12
Pos=(6, 7) Moves=['N', 'E', 'E', 'E', 'E', 'E', 'N', 'N', 'N', 'N', 'E', 'N', 'N'] Cost=13
Pos=(6, 8) Moves=['N', 'E', 'E', 'E', 'E', 'E', 'N', 'N', 'N', 'N', 'E', 'N', 'N', 'N'] Cost=14
