Solution steps: ['E', 'N', 'N', 'E', 'N', 'E', 'E', 'N', 'E', 'E', 'E', 'N', 'E', 'N', 'E']
Solution cost: 15
Number of states considered: 16

Frontier:

Closed List:
Pos=(0, 0) Moves=[] Cost=0
Pos=(1, 0) Moves=['E'] Cost=1
Pos=(1, 1) Moves=['E', 'N'] Cost=2
Pos=(1, 2) Moves=['E', 'N', 'N'] Cost=3
Pos=(2, 2) Moves=['E', 'N', 'N', 'E'] Cost=4
Pos=(2, 3) Moves=['E', 'N', 'N', 'E', 'N'] Cost=5
Pos=(3, 3) Moves=['E', 'N', 'N', 'E', 'N', 'E'] Cost=6
Pos=(4, 3) Moves=['E', 'N', 'N', 'E', 'N', 'E', 'E'] Cost=7
Pos=(4, 4) Moves=['E', 'N', 'N', 'E', 'N', 'E', 'E', 'N'] Cost=8
Pos=(5, 4) Moves=['E', 'N', 'N', 'E', 'N', 'E', 'E', 'N', 'E'] Cost=9
Pos=(6, 4) Moves=['E', 'N', 'N', 'E', 'N', 'E', 'E', 'N', 'E', 'E'] Cost=10
Pos=(7, 4) Moves=['E', 'N', 'N', 'E', 'N', 'E', 'E', 'N', 'E', 'E', 'E'] Cost=11
Pos=(7, 5) Moves=['E', 'N', 'N', 'E', 'N', 'E', 'E', 'N', 'E', 'E', 'E', 'N'] Cost=12
Pos=(8, 5) Moves=['E', 'N', 'N', 'E', 'N', 'E', 'E', 'N', 'E', 'E', 'E', 'N', 'E'] Cost=13
Pos=(8, 6) Moves=['E', 'N', 'N', 'E', 'N', 'E', 'E', 'N', 'E', 'E', 'E', 'N', 'E', 'N'] Cost=14
Pos=(9, 6) Moves=['E', 'N', 'N', 'E', 'N', 'E', 'E', 'N', 'E', 'E', 'E', 'N', 'E', 'N', 'E'] Cost=15
